# Embedded icon name, then the Lucide glyph drawn for it (tools/icons/outline.sh).
add E13D
add_circle E081
add_box E173
add_link E102
add_photo_alternate E1F7
remove E11C
close E1B2
check E06C
check_circle E226
cancel E084
done E06C
done_all E38E
delete E18E
delete_forever E18D
edit E1F9
edit_note E596
save E14D
content_copy E09E
content_cut E14E
content_paste E085
undo E2A1
redo E2A0
refresh E145
sync E144
search E151
filter_list E460
filter_alt E0DC
sort E37D
tune E29A
settings E154
more_vert E0B7
more_horiz E0B6
menu E115
menu_open E21D
apps E0FF
home E0F5
arrow_back E048
arrow_forward E049
arrow_upward E04A
arrow_downward E042
arrow_drop_down E06D
arrow_drop_up E070
arrow_left E06E
arrow_right E06F
chevron_left E06E
chevron_right E06F
expand_more E06D
expand_less E070
unfold_more E211
unfold_less E228
first_page E072
last_page E073
open_in_new E0B9
link E102
link_off E19C
north_east E04D
keyboard_arrow_down E06D
keyboard_arrow_up E070
keyboard_arrow_left E06E
keyboard_arrow_right E06F
subdirectory_arrow_right E0A2
swap_horiz E24A
swap_vert E37D
drag_indicator E0EB
drag_handle E0EA
fullscreen E112
fullscreen_exit E11A
open_in_full E113
close_fullscreen E11B
zoom_in E1B6
zoom_out E1B7
visibility E0BA
visibility_off E0BB
lock E10B
lock_open E10C
key E4A3
person E19F
person_add E1A2
group E1A4
groups E46E
account_circle E461
badge E617
logout E10E
login E10D
notifications E059
notifications_off E05A
mail E10F
inbox E0F7
send E152
chat E117
forum E40D
call E133
favorite E0F2
star E176
star_half E20B
bookmark E060
thumb_up E18A
thumb_down E189
share E156
download E0B2
upload E19E
cloud E088
cloud_upload E091
cloud_download E089
cloud_done E66E
folder E0D7
folder_open E247
create_new_folder E0D9
description E0CC
article E348
attach_file E12D
image E0F6
photo_camera E064
videocam E1A5
mic E118
mic_off E119
volume_up E1AB
volume_off E1AC
play_arrow E13C
pause E12E
stop E167
skip_next E160
skip_previous E15F
fast_forward E0BD
fast_rewind E147
replay E148
shuffle E15E
repeat E146
info E0F9
help E082
warning E193
error E077
report E127
priority_high E077
check_box E559
check_box_outline_blank E167
indeterminate_check_box E171
radio_button_checked E345
radio_button_unchecked E076
toggle_on E18C
toggle_off E18B
calendar_today E063
calendar_month E2B9
event E2B7
schedule E087
alarm E03A
timer E1E0
history E1F5
update E145
today E2B8
date_range E2BD
language E0E8
public E1F3
place E111
map E110
explore E09B
flag E0D1
shopping_cart E15C
shopping_bag E15B
store E3E4
storefront E3E4
payments E052
credit_card E0AA
receipt_long E3D3
sell E17F
attach_money E0B1
inventory_2 E041
local_shipping E194
dashboard E1C1
analytics E2A3
bar_chart E2A2
pie_chart E06B
show_chart E2A5
insights E60D
trending_up E191
trending_down E190
table_chart E17D
list E106
view_list E106
grid_view E0FF
view_module E0FF
view_column E099
view_agenda E439
splitscreen E439
layers E529
widgets E4FA
extension E29C
code E093
terminal E181
bug_report E20C
build E1B1
construction E0EC
science E0D5
dark_mode E11E
light_mode E178
contrast E09D
palette E1DD
format_paint E59E
brush E1D3
format_bold E05D
format_italic E0FB
format_underlined E19A
format_strikethrough E177
format_list_bulleted E106
format_list_numbered E1D1
format_quote E239
format_align_left E185
format_align_center E182
format_align_right E183
format_align_justify E184
text_fields E198
title E384
translate E0FE
print E141
qr_code E1DF
wifi E1AE
bluetooth E05C
power_settings_new E140
computer E11D
desktop_windows E11D
keyboard E284
mouse E28E
memory E0A9
storage E0ED
database E0AD
dns E153
security E158
verified E241
verified_user E1FF
shield E158
admin_panel_settings E647
support E101
lightbulb E1C2
rocket_launch E286
bolt E1B4
auto_awesome E412
celebration E343
mood E164
work E062
school E234
apartment E290
domain E1CC
handshake E5C0
eco E2DE
archive E041
unarchive E2CD
label E17F
push_pin E259
keep E259
tag E0EF
alternate_email E04E
pending E0B6
hourglass_empty E296
block E051
circle E076
square E167
select_all E1CB
deselect E1CB
vertical_split E098
horizontal_split E439
left_panel_open E21D
left_panel_close E21C
right_panel_open E434
right_panel_close E432
tab E426
web E0E8
window E426
minimize E11C
crop_square E167
filter_none E09E
pan_tool E1D7
touch_app E1E8
account_tree E125
dashboard_customize E1C1
keyboard_double_arrow_left E072
keyboard_double_arrow_right E073
arrow_back_ios E06E
arrow_forward_ios E06F
west E048
east E049
keyboard_tab E459
keyboard_tab_rtl E457
call_split E440
reply E22A
drafts E363
wifi_off E1AF
fit_screen E257
rate_review E570
support_agent E5BD
view_in_ar E061
menu_book E05F
category E4B3
library_books E100
photo_library E5C4
crop_free E257
